%!Adobe-FontList 1.19
%Locale:0x412

%BeginFont
Handler:DirectoryHandler
FontType:Invalid
OutlineFileName:C:\Users\user\Desktop\코딩\Font\Sniglet-ExtraBold.eot
FileModTime:1679628465
%EndFont

%BeginFont
Handler:DirectoryHandler
FontType:Invalid
OutlineFileName:C:\Users\user\Desktop\코딩\Font\Sniglet-ExtraBold.woff
FileModTime:1679628465
%EndFont

%BeginFont
Handler:DirectoryHandler
FontType:Invalid
OutlineFileName:C:\Users\user\Desktop\코딩\Font\Sniglet-Regular.eot
FileModTime:1679628465
%EndFont

%BeginFont
Handler:DirectoryHandler
FontType:Invalid
OutlineFileName:C:\Users\user\Desktop\코딩\Font\Sniglet-Regular.woff
FileModTime:1679628465
%EndFont

%BeginFont
Handler:DirectoryHandler
FontType:Invalid
OutlineFileName:C:\Users\user\Desktop\코딩\Font\stylesheet.css
FileModTime:1679628954
%EndFont

%BeginFont
Handler:DirectoryHandler
FontType:Invalid
OutlineFileName:C:\Users\user\Desktop\코딩\Font\TmoneyRoundWind-ExtraBoldA1.eot
FileModTime:1679628389
%EndFont

%BeginFont
Handler:DirectoryHandler
FontType:Invalid
OutlineFileName:C:\Users\user\Desktop\코딩\Font\TmoneyRoundWind-ExtraBoldA1.woff
FileModTime:1679628389
%EndFont

%BeginFont
Handler:DirectoryHandler
FontType:Invalid
OutlineFileName:C:\Users\user\Desktop\코딩\Font\TmoneyRoundWind-RegularA1.eot
FileModTime:1679628393
%EndFont

%BeginFont
Handler:DirectoryHandler
FontType:Invalid
OutlineFileName:C:\Users\user\Desktop\코딩\Font\TmoneyRoundWind-RegularA1.woff
FileModTime:1679628393
%EndFont

